.\venv\Scripts\python.e
xe : Creating test 
database for alias 
'default'...
At line:1 char:1
+ .\venv\Scripts\python
.exe manage.py test 
admin_panel.tests_auth 
> tes ...
+ ~~~~~~~~~~~~~~~~~~~~~
~~~~~~~~~~~~~~~~~~~~~~~
~~~~~~~~~~~~~~~~~~~~~~~
~~
    + CategoryInfo     
         : NotSpecifi  
  ed: (Creating test   
  d...as 'default'.    
..:String) [], Rem    
oteException
    + FullyQualifiedEr 
   rorId : NativeComm  
  andError
 

.F...
=======================
=======================
=======================
=
FAIL: test_forgot_passw
ord_valid_email (admin_
panel.tests_auth.AdminA
uthTests)
-----------------------
-----------------------
-----------------------
-
Traceback (most recent 
call last):
  File "C:\Program File
s\Python310\lib\unittes
t\mock.py", line 1369, 
in patched
    return 
func(*newargs, 
**newkeywargs)
  File "C:\Users\Betopi
a\Documents\kick360\adm
in_panel\tests_auth.py"
, line 24, in test_forg
ot_password_valid_email
    self.assertEqual(re
sponse.status_code, 
status.HTTP_200_OK)
AssertionError: 500 != 
200

-----------------------
-----------------------
-----------------------
-
Ran 5 tests in 1.914s

FAILED (failures=1)
Destroying test 
database for alias 
'default'...

Found 5 test(s).
System check identified no issues (0 silenced).
